  Wiederherzustellende Projekte werden ermittelt...
  Alle Projekte sind f├╝r die Wiederherstellung auf dem neuesten Stand.
  TheTruth.Core -> D:\programme\programming\projekte\The-Truth\TheTruth.Core\bin\Debug\net9.0\TheTruth.Core.dll
  TheTruth.UI -> D:\programme\programming\projekte\The-Truth\TheTruth.UI\bin\Debug\net9.0\TheTruth.UI.dll

Der Buildvorgang wurde erfolgreich ausgef├╝hrt.
    0 Warnung(en)
    0 Fehler

Verstrichene Zeit 00:00:00.92
